---
source: bin/tests/bool_simplification.rs
expression: "\"!(a == b)\""
---
--- <temp_file_path>
+++ <temp_file_path> [fixed]
@@ -1 +1 @@
-!(a == b)
+a != b
