---
source: bin/tests/bool_simplification.rs
expression: "\"!(a == b)\""
---
[W18] Warning: This boolean expression can be simplified
   ╭─[<temp_file_path>:1:1]
   │
 1 │ !(a == b)
   · ────┬────  
   ·     ╰────── Try != instead of !(... == ...)
───╯
