---
source: bin/tests/bool_comparison.rs
expression: "\"b == true\""
---
--- <temp_file_path>
+++ <temp_file_path> [fixed]
@@ -1 +1 @@
-b == true
+b
