---
source: bin/tests/bool_comparison.rs
expression: "\"true == c\""
---
[W01] Warning: Unnecessary comparison with boolean
   ╭─[<temp_file_path>:1:1]
   │
 1 │ true == c
   · ────┬────  
   ·     ╰────── Comparing c with boolean literal true
───╯
