---
source: bin/tests/deprecated_to_path.rs
expression: "\"toPath \\\"/abc/def\\\"\""
---
[W17] Warning: Found usage of deprecated builtin toPath
   ╭─[<temp_file_path>:1:1]
   │
 1 │ toPath "/abc/def"
   · ────────┬────────  
   ·         ╰────────── toPath is deprecated, see :doc builtins.toPath within the REPL for more
───╯
