---
source: bin/tests/empty_pattern.rs
expression: "\"({ ... }: { imports = []; })\""
---

