---
source: bin/tests/eta_reduction.rs
expression: "\"map (x: builtins.div 3 x) [1 2 3]\""
---

