---
source: bin/tests/main.rs
expression: "& out"
---
[W01] Warning: Unnecessary comparison with boolean
   ╭─[data/bool_comparison.nix:3:4]
   │
 3 │   (a == true)
   ·    ────┬────  
   ·        ╰────── Comparing a with boolean literal true
───╯
[W01] Warning: Unnecessary comparison with boolean
   ╭─[data/bool_comparison.nix:4:4]
   │
 4 │   (b == true)
   ·    ────┬────  
   ·        ╰────── Comparing b with boolean literal true
───╯
[W01] Warning: Unnecessary comparison with boolean
   ╭─[data/bool_comparison.nix:5:4]
   │
 5 │   (true == c)
   ·    ────┬────  
   ·        ╰────── Comparing c with boolean literal true
───╯
[W01] Warning: Unnecessary comparison with boolean
   ╭─[data/bool_comparison.nix:6:4]
   │
 6 │   (true == d)
   ·    ────┬────  
   ·        ╰────── Comparing d with boolean literal true
───╯
[W01] Warning: Unnecessary comparison with boolean
   ╭─[data/bool_comparison.nix:9:4]
   │
 9 │   (e != true)
   ·    ────┬────  
   ·        ╰────── Comparing e with boolean literal true
───╯
[W01] Warning: Unnecessary comparison with boolean
    ╭─[data/bool_comparison.nix:10:4]
    │
 10 │   (f != false)
    ·    ─────┬────  
    ·         ╰────── Comparing f with boolean literal false
────╯
[W01] Warning: Unnecessary comparison with boolean
    ╭─[data/bool_comparison.nix:11:4]
    │
 11 │   (true != g)
    ·    ────┬────  
    ·        ╰────── Comparing g with boolean literal true
────╯
[W01] Warning: Unnecessary comparison with boolean
    ╭─[data/bool_comparison.nix:12:4]
    │
 12 │   (false != h)
    ·    ─────┬────  
    ·         ╰────── Comparing h with boolean literal false
────╯
[W01] Warning: Unnecessary comparison with boolean
    ╭─[data/bool_comparison.nix:19:4]
    │
 19 │   (false == false)
    ·    ───────┬──────  
    ·           ╰──────── Comparing false with boolean literal false
────╯
[W01] Warning: Unnecessary comparison with boolean
    ╭─[data/bool_comparison.nix:20:4]
    │
 20 │   (false == true)
    ·    ──────┬──────  
    ·          ╰──────── Comparing true with boolean literal false
────╯
[W01] Warning: Unnecessary comparison with boolean
    ╭─[data/bool_comparison.nix:21:4]
    │
 21 │   (true == false)
    ·    ──────┬──────  
    ·          ╰──────── Comparing false with boolean literal true
────╯
[W01] Warning: Unnecessary comparison with boolean
    ╭─[data/bool_comparison.nix:22:4]
    │
 22 │   (true == true)
    ·    ──────┬─────  
    ·          ╰─────── Comparing true with boolean literal true
────╯
[W01] Warning: Unnecessary comparison with boolean
    ╭─[data/bool_comparison.nix:25:4]
    │
 25 │   (false == m ? n)
    ·    ───────┬──────  
    ·           ╰──────── Comparing m ? n with boolean literal false
────╯
[W01] Warning: Unnecessary comparison with boolean
    ╭─[data/bool_comparison.nix:26:4]
    │
 26 │   (true == o ? p)
    ·    ──────┬──────  
    ·          ╰──────── Comparing o ? p with boolean literal true
────╯
