---
source: bin/tests/main.rs
expression: "&stdout"
---

