---
source: bin/tests/manual_inherit_from.rs
expression: "\"let a.b = 2; in { b = a.c; }\""
---

