---
source: bin/tests/manual_inherit_from.rs
expression: "\"let a.b = 2; in { c = a.c; }\""
---
--- <temp_file_path>
+++ <temp_file_path> [fixed]
@@ -1 +1 @@
-let a.b = 2; in { c = a.c; }
+let a.b = 2; in { inherit (a) c; }
