---
source: bin/tests/redundant_pattern_bind.rs
expression: "\"{ ... } @ inputs: null\""
---
--- <temp_file_path>
+++ <temp_file_path> [fixed]
@@ -1 +1 @@
-{ ... } @ inputs: null
+inputs: null
