---
source: bin/tests/repeated_keys.rs
expression: "\"{ foo.bar = 1; }\""
---

