---
source: bin/tests/useless_has_attr.rs
expression: "\"if x ? a then x.a else b.c\""
---
--- <temp_file_path>
+++ <temp_file_path> [fixed]
@@ -1 +1 @@
-if x ? a then x.a else b.c
+x.a or b.c
