---
source: bin/tests/useless_has_attr.rs
expression: "\"if x ? a then x.a else default\""
---
--- <temp_file_path>
+++ <temp_file_path> [fixed]
@@ -1 +1 @@
-if x ? a then x.a else default
+x.a or default
