---
source: bin/tests/useless_parens.rs
expression: "\"let a = 0; in (null)\""
---
--- <temp_file_path>
+++ <temp_file_path> [fixed]
@@ -1 +1 @@
-let a = 0; in (null)
+let a = 0; in null
