---
source: bin/tests/useless_parens.rs
expression: "\"let h = ({ inherit (builtins) map; }); in null\""
---
--- <temp_file_path>
+++ <temp_file_path> [fixed]
@@ -1 +1 @@
-let h = ({ inherit (builtins) map; }); in null
+let h = { inherit (builtins) map; }; in null
