---
source: bin/tests/useless_parens.rs
expression: "\"(\\\"hello\\\")\""
---
[W08] Warning: These parentheses can be omitted
   ╭─[<temp_file_path>:1:1]
   │
 1 │ ("hello")
   · ────┬────  
   ·     ╰────── Useless parentheses around primitive expression
───╯
